// Jest Snapshot v1, https://goo.gl/fbAQLP

exports[`Index Snapshot Testing Index Dom 1`] = `
<div
  className="jsx-3955691776 layout"
>
  <header
    className="jsx-3955691776"
  >
    <nav
      className="jsx-3955691776"
    >
      <ul
        className="jsx-3955691776"
      >
        <li
          className="jsx-3955691776 active"
          onClick={[Function]}
        >
          <a
            className="jsx-3955691776"
          >
            Index
          </a>
        </li>
        <li
          className="jsx-3955691776 "
          onClick={[Function]}
        >
          <a
            className="jsx-3955691776"
          >
            page / a
          </a>
        </li>
        <li
          className="jsx-3955691776 "
          onClick={[Function]}
        >
          <a
            className="jsx-3955691776"
          >
            page / b
          </a>
        </li>
        <li
          className="jsx-3955691776 "
          onClick={[Function]}
        >
          <a
            className="jsx-3955691776"
          >
            page / c
          </a>
        </li>
        <li
          className="jsx-3955691776 "
          onClick={[Function]}
        >
          <a
            className="jsx-3955691776"
          >
            page / d
          </a>
        </li>
      </ul>
    </nav>
  </header>
  <i
    className="jsx-3955691776 material-icons"
  >
    
  </i>
  <h1
    className="jsx-3955691776 title"
  >
    Index
  </h1>
  <i
    className="jsx-3955691776 material-icons"
  >
    
  </i>
  <h4
    style={
      Object {
        "marginBottom": 10,
      }
    }
  >
    NEXT.JS STARS :
  </h4>
  1999
  <h4
    style={
      Object {
        "marginBottom": 10,
      }
    }
  >
    IP :
  </h4>
  127.0.0.1
</div>
`;
